C51 COMPILER V8.02   MAIN                                                                  10/26/2015 20:59:19 PAGE 1   


C51 COMPILER V8.02, COMPILATION OF MODULE MAIN
OBJECT MODULE PLACED IN .\main.obj
COMPILER INVOKED BY: C:\Keil\C51\BIN\C51.EXE ..\..\test_for_infred\main.c BROWSE DEBUG OBJECTEXTEND PRINT(.\main.lst) OB
                    -JECT(.\main.obj)

line level    source

   1          #include "reg51.h"
   2          #include "intrins.h"
   3          #include "infred.h"
   4          
   5          void main()
   6          {
   7   1              char a[]="123";
   8   1              int delay=0 ;
   9   1              infred_init();
  10   1              
  11   1              
  12   1              
  13   1              while (1)
  14   1              {
  15   2                      infred_send(a,3);
  16   2                      // char b ;
  17   2                      // b=0x83;
  18   2                      // infred_send_byte(b);
  19   2                      delay=0 ;
  20   2                      do{
  21   3                              delay++;
  22   3                      }while(delay<30000);
  23   2                      
  24   2                      // infred_send_bit(0x01);
  25   2                      // delay=0 ;
  26   2                      // do{
  27   2                              // delay++;
  28   2                      // }while(delay==100);
  29   2                      // infred_send_bit(0x00);
  30   2                      // delay=0 ;
  31   2                      // do{
  32   2                              // delay++;
  33   2                      // }while(delay==100);
  34   2              }
  35   1              
  36   1      }


MODULE INFORMATION:   STATIC OVERLAYABLE
   CODE SIZE        =     66    ----
   CONSTANT SIZE    =      4    ----
   XDATA SIZE       =   ----    ----
   PDATA SIZE       =   ----    ----
   DATA SIZE        =   ----       6
   IDATA SIZE       =   ----    ----
   BIT SIZE         =   ----    ----
END OF MODULE INFORMATION.


C51 COMPILATION COMPLETE.  0 WARNING(S),  0 ERROR(S)
