BL51 BANKED LINKER/LOCATER V6.00                                                        10/26/2015  20:59:19  PAGE 1


BL51 BANKED LINKER/LOCATER V6.00, INVOKED BY:
C:\KEIL\C51\BIN\BL51.EXE .\infred.obj, .\main.obj TO test RAMSIZE (256)


MEMORY MODEL: SMALL


INPUT MODULES INCLUDED:
  .\infred.obj (INFRED)
  .\main.obj (MAIN)
  C:\KEIL\C51\LIB\C51S.LIB (?C_STARTUP)
  C:\KEIL\C51\LIB\C51S.LIB (?C?COPY)
  C:\KEIL\C51\LIB\C51S.LIB (?C?CLDOPTR)


LINK MAP OF MODULE:  test (INFRED)


            TYPE    BASE      LENGTH    RELOCATION   SEGMENT NAME
            -----------------------------------------------------

            * * * * * * *   D A T A   M E M O R Y   * * * * * * *
            REG     0000H     0008H     ABSOLUTE     "REG BANK 0"
            DATA    0008H     000FH     UNIT         _DATA_GROUP_
            IDATA   0017H     0001H     UNIT         ?STACK

            * * * * * * *   C O D E   M E M O R Y   * * * * * * *
            CODE    0000H     0003H     ABSOLUTE     
            CODE    0003H     0123H     UNIT         ?C?LIB_CODE
            CODE    0126H     006FH     UNIT         ?PR?_INFRED_SEND_BIT?INFRED
            CODE    0195H     0045H     UNIT         ?PR?_INFRED_SEND?INFRED
            CODE    01DAH     0042H     UNIT         ?PR?MAIN?MAIN
            CODE    021CH     002DH     UNIT         ?PR?_INFRED_SEND_BYTE?INFRED
            CODE    0249H     0018H     UNIT         ?PR?INFRED_INIT?INFRED
            CODE    0261H     000CH     UNIT         ?C_C51STARTUP
            CODE    026DH     0004H     UNIT         ?CO?MAIN



OVERLAY MAP OF MODULE:   test (INFRED)


SEGMENT                                DATA_GROUP 
  +--> CALLED SEGMENT                START    LENGTH
----------------------------------------------------
?C_C51STARTUP                        -----    -----
  +--> ?PR?MAIN?MAIN

?PR?MAIN?MAIN                        0008H    0006H
  +--> ?CO?MAIN
  +--> ?PR?INFRED_INIT?INFRED
  +--> ?PR?_INFRED_SEND?INFRED

?PR?_INFRED_SEND?INFRED              000EH    0007H
  +--> ?PR?_INFRED_SEND_BIT?INFRED
  +--> ?PR?_INFRED_SEND_BYTE?INFRED

?PR?_INFRED_SEND_BIT?INFRED          0015H    0002H
BL51 BANKED LINKER/LOCATER V6.00                                                      10/26/2015  20:59:19  PAGE 2



?PR?_INFRED_SEND_BYTE?INFRED         -----    -----
  +--> ?PR?_INFRED_SEND_BIT?INFRED



SYMBOL TABLE OF MODULE:  test (INFRED)

  VALUE           TYPE          NAME
  ----------------------------------

  -------         MODULE        INFRED
  C:0000H         SYMBOL        _ICE_DUMMY_
  C:021CH         PUBLIC        _infred_send_byte
  C:0126H         PUBLIC        _infred_send_bit
  D:00F9H         PUBLIC        CH
  D:00A2H         PUBLIC        P_SW1
  D:00E9H         PUBLIC        CL
  D:00FAH         PUBLIC        CCAP0H
  C:0249H         PUBLIC        infred_init
  D:00EAH         PUBLIC        CCAP0L
  B:00D8H.6       PUBLIC        CR
  D:00DAH         PUBLIC        CCAPM0
  D:00D9H         PUBLIC        CMOD
  D:00D8H         PUBLIC        CCON
  D:00E0H         PUBLIC        ACC
  C:0195H         PUBLIC        _infred_send
  B:00D8H.0       PUBLIC        CCF0
  -------         PROC          INFRED_INIT
  C:0249H         LINE#         4
  C:0249H         LINE#         5
  C:0249H         LINE#         9
  C:024BH         LINE#         10
  C:024DH         LINE#         11
  C:024FH         LINE#         13
  C:0252H         LINE#         18
  C:0255H         LINE#         23
  C:0258H         LINE#         27
  C:025AH         LINE#         29
  C:025CH         LINE#         30
  C:025EH         LINE#         31
  C:0260H         LINE#         33
  -------         ENDPROC       INFRED_INIT
  -------         PROC          _INFRED_SEND_BIT
  D:0001H         SYMBOL        n
  -------         DO            
  D:0015H         SYMBOL        len_high
  D:0004H         SYMBOL        cnt
  D:0002H         SYMBOL        t_38khz
  -------         ENDDO         
  C:0126H         LINE#         35
  C:0128H         LINE#         36
  C:0128H         LINE#         38
  C:012BH         LINE#         41
  C:012DH         LINE#         42
  C:012FH         LINE#         43
  C:0132H         LINE#         44
BL51 BANKED LINKER/LOCATER V6.00                                                      10/26/2015  20:59:19  PAGE 3


  C:013AH         LINE#         46
  C:013CH         LINE#         48
  C:0143H         LINE#         49
  C:0143H         LINE#         50
  C:014BH         LINE#         51
  C:0153H         LINE#         52
  C:0159H         LINE#         53
  C:0159H         LINE#         56
  C:0159H         LINE#         58
  C:015EH         LINE#         59
  C:0160H         LINE#         60
  C:0162H         LINE#         61
  C:0166H         LINE#         62
  C:016EH         LINE#         63
  C:0173H         LINE#         64
  C:0182H         LINE#         65
  C:0184H         LINE#         67
  C:0192H         LINE#         69
  C:0194H         LINE#         70
  -------         ENDPROC       _INFRED_SEND_BIT
  -------         PROC          _INFRED_SEND_BYTE
  D:0006H         SYMBOL        n
  -------         DO            
  D:0082H         SYMBOL        i
  -------         ENDDO         
  C:021CH         LINE#         73
  C:021EH         LINE#         74
  C:021EH         LINE#         75
  C:0221H         LINE#         76
  C:0221H         LINE#         77
  C:0231H         LINE#         79
  C:0235H         LINE#         81
  C:023AH         LINE#         82
  C:023BH         LINE#         83
  C:0248H         LINE#         85
  -------         ENDPROC       _INFRED_SEND_BYTE
  -------         PROC          _INFRED_SEND
  D:000EH         SYMBOL        str
  D:0011H         SYMBOL        len
  -------         DO            
  D:0013H         SYMBOL        i
  -------         ENDDO         
  C:0195H         LINE#         87
  C:019FH         LINE#         88
  C:019FH         LINE#         90
  C:01A4H         LINE#         91
  C:01BAH         LINE#         92
  C:01CDH         LINE#         93
  C:01D7H         LINE#         94
  C:01D9H         LINE#         95
  -------         ENDPROC       _INFRED_SEND
  -------         ENDMOD        INFRED

  -------         MODULE        MAIN
  C:0000H         SYMBOL        _ICE_DUMMY_
  D:00D8H         PUBLIC        CCON
  C:01DAH         PUBLIC        main
BL51 BANKED LINKER/LOCATER V6.00                                                      10/26/2015  20:59:19  PAGE 4


  C:026DH         SYMBOL        _?ix1000
  -------         PROC          MAIN
  -------         DO            
  D:0008H         SYMBOL        a
  D:000CH         SYMBOL        delay
  -------         ENDDO         
  C:01DAH         LINE#         5
  C:01DAH         LINE#         6
  C:01DAH         LINE#         7
  C:01EDH         LINE#         8
  C:01F2H         LINE#         9
  C:01F5H         LINE#         13
  C:01F5H         LINE#         14
  C:01F5H         LINE#         15
  C:0202H         LINE#         19
  C:0207H         LINE#         20
  C:0207H         LINE#         21
  C:020FH         LINE#         22
  C:021AH         LINE#         34
  -------         ENDPROC       MAIN
  -------         ENDMOD        MAIN

  -------         MODULE        ?C?COPY
  C:00D3H         PUBLIC        ?C?COPY
  -------         ENDMOD        ?C?COPY

  -------         MODULE        ?C?CLDOPTR
  C:00F9H         PUBLIC        ?C?CLDOPTR
  -------         ENDMOD        ?C?CLDOPTR

Program Size: data=24.0 xdata=0 code=625
LINK/LOCATE RUN COMPLETE.  0 WARNING(S),  0 ERROR(S)
